# serializer version: 1
# name: test_create_polygon[heptagon-rotated]
  dict({
    'boundary_box': dict({
      'height': 99.160355,
      'width': 100.0,
    }),
    'colours': list([
      tuple(
        65,
        124,
        192,
        1,
      ),
      tuple(
        255,
        255,
        255,
        1,
      ),
      tuple(
        65,
        124,
        192,
        1,
      ),
      tuple(
        255,
        255,
        255,
        1,
      ),
      tuple(
        65,
        124,
        192,
        1,
      ),
      tuple(
        255,
        255,
        255,
        1,
      ),
    ]),
    'coordinates': list([
      list([
        list([
          74.859601,
          3.335128,
        ]),
        list([
          100.0,
          40.20932,
        ]),
        list([
          86.845378,
          82.855558,
        ]),
        list([
          45.301433,
          99.160355,
        ]),
        list([
          6.651604,
          76.845866,
        ]),
        list([
          0.0,
          32.715356,
        ]),
        list([
          30.355414,
          0.0,
        ]),
      ]),
      list([
        list([
          71.259526,
          9.570642,
        ]),
        list([
          92.880269,
          41.282447,
        ]),
        list([
          81.567293,
          77.958212,
        ]),
        list([
          45.839501,
          91.980337,
        ]),
        list([
          12.600648,
          72.789876,
        ]),
        list([
          6.880269,
          34.837638,
        ]),
        list([
          32.985925,
          6.702432,
        ]),
      ]),
      list([
        list([
          64.573671,
          21.150881,
        ]),
        list([
          79.65791,
          43.275397,
        ]),
        list([
          71.765137,
          68.86314,
        ]),
        list([
          46.83877,
          78.646018,
        ]),
        list([
          23.648873,
          65.257324,
        ]),
        list([
          19.65791,
          38.779018,
        ]),
        list([
          37.871159,
          19.149805,
        ]),
      ]),
      list([
        list([
          60.973596,
          27.386395,
        ]),
        list([
          72.538179,
          44.348524,
        ]),
        list([
          66.487053,
          63.965793,
        ]),
        list([
          47.376838,
          71.466,
        ]),
        list([
          29.597917,
          61.201335,
        ]),
        list([
          26.538179,
          40.9013,
        ]),
        list([
          40.50167,
          25.852236,
        ]),
      ]),
      list([
        list([
          54.287741,
          38.966635,
        ]),
        list([
          59.315821,
          46.341474,
        ]),
        list([
          56.684896,
          54.870721,
        ]),
        list([
          48.376107,
          58.131681,
        ]),
        list([
          40.646141,
          53.668783,
        ]),
        list([
          39.315821,
          44.842681,
        ]),
        list([
          45.386904,
          38.29961,
        ]),
      ]),
      list([
        list([
          50.687665,
          45.202149,
        ]),
        list([
          52.196089,
          47.4146,
        ]),
        list([
          51.406812,
          49.973375,
        ]),
        list([
          48.914175,
          50.951663,
        ]),
        list([
          46.595186,
          49.612793,
        ]),
        list([
          46.196089,
          46.964963,
        ]),
        list([
          48.017414,
          45.002041,
        ]),
      ]),
    ]),
    'polygon_count': 6,
  })
# ---
# name: test_create_polygon[hexagon-even-fractions]
  dict({
    'boundary_box': dict({
      'height': 115.470054,
      'width': 100.0,
    }),
    'colours': list([
      tuple(
        65,
        124,
        192,
        1,
      ),
      tuple(
        255,
        255,
        255,
        1,
      ),
      tuple(
        65,
        124,
        192,
        1,
      ),
      tuple(
        255,
        255,
        255,
        1,
      ),
    ]),
    'coordinates': list([
      list([
        list([
          50.0,
          0.0,
        ]),
        list([
          100.0,
          28.867513,
        ]),
        list([
          100.0,
          86.60254,
        ]),
        list([
          50.0,
          115.470054,
        ]),
        list([
          0.0,
          86.60254,
        ]),
        list([
          0.0,
          28.867513,
        ]),
      ]),
      list([
        list([
          50.0,
          10.10363,
        ]),
        list([
          91.25,
          33.919328,
        ]),
        list([
          91.25,
          81.550726,
        ]),
        list([
          50.0,
          105.366424,
        ]),
        list([
          8.75,
          81.550726,
        ]),
        list([
          8.75,
          33.919328,
        ]),
      ]),
      list([
        list([
          50.0,
          28.867513,
        ]),
        list([
          75.0,
          43.30127,
        ]),
        list([
          75.0,
          72.168784,
        ]),
        list([
          50.0,
          86.60254,
        ]),
        list([
          25.0,
          72.168784,
        ]),
        list([
          25.0,
          43.30127,
        ]),
      ]),
      list([
        list([
          50.0,
          38.971143,
        ]),
        list([
          66.25,
          48.353085,
        ]),
        list([
          66.25,
          67.116969,
        ]),
        list([
          50.0,
          76.498911,
        ]),
        list([
          33.75,
          67.116969,
        ]),
        list([
          33.75,
          48.353085,
        ]),
      ]),
    ]),
    'polygon_count': 4,
  })
# ---
# name: test_create_polygon[square-odd-fractions]
  dict({
    'boundary_box': dict({
      'height': 100.0,
      'width': 100.0,
    }),
    'colours': list([
      tuple(
        65,
        124,
        192,
        1,
      ),
      tuple(
        255,
        255,
        255,
        1,
      ),
      tuple(
        65,
        124,
        192,
        1,
      ),
      tuple(
        255,
        255,
        255,
        1,
      ),
      tuple(
        65,
        124,
        192,
        1,
      ),
      tuple(
        255,
        255,
        255,
        1,
      ),
    ]),
    'coordinates': list([
      list([
        list([
          50.0,
          0.0,
        ]),
        list([
          100.0,
          50.0,
        ]),
        list([
          50.0,
          100.0,
        ]),
        list([
          0.0,
          50.0,
        ]),
      ]),
      list([
        list([
          50.0,
          7.0,
        ]),
        list([
          93.0,
          50.0,
        ]),
        list([
          50.0,
          93.0,
        ]),
        list([
          7.0,
          50.0,
        ]),
      ]),
      list([
        list([
          50.0,
          20.0,
        ]),
        list([
          80.0,
          50.0,
        ]),
        list([
          50.0,
          80.0,
        ]),
        list([
          20.0,
          50.0,
        ]),
      ]),
      list([
        list([
          50.0,
          27.0,
        ]),
        list([
          73.0,
          50.0,
        ]),
        list([
          50.0,
          73.0,
        ]),
        list([
          27.0,
          50.0,
        ]),
      ]),
      list([
        list([
          50.0,
          40.0,
        ]),
        list([
          60.0,
          50.0,
        ]),
        list([
          50.0,
          60.0,
        ]),
        list([
          40.0,
          50.0,
        ]),
      ]),
      list([
        list([
          50.0,
          47.0,
        ]),
        list([
          53.0,
          50.0,
        ]),
        list([
          50.0,
          53.0,
        ]),
        list([
          47.0,
          50.0,
        ]),
      ]),
    ]),
    'polygon_count': 6,
  })
# ---
# name: test_create_polygon_without_spacing
  list([
    list([
      list([
        50.0,
        0.0,
      ]),
      list([
        100.0,
        50.0,
      ]),
      list([
        50.0,
        100.0,
      ]),
      list([
        0.0,
        50.0,
      ]),
    ]),
    list([
      list([
        50.0,
        12.5,
      ]),
      list([
        87.5,
        50.0,
      ]),
      list([
        50.0,
        87.5,
      ]),
      list([
        12.5,
        50.0,
      ]),
    ]),
    list([
      list([
        50.0,
        25.0,
      ]),
      list([
        75.0,
        50.0,
      ]),
      list([
        50.0,
        75.0,
      ]),
      list([
        25.0,
        50.0,
      ]),
    ]),
    list([
      list([
        50.0,
        37.5,
      ]),
      list([
        62.5,
        50.0,
      ]),
      list([
        50.0,
        62.5,
      ]),
      list([
        37.5,
        50.0,
      ]),
    ]),
  ])
# ---
